Found 22 market data files:
  xeur-eobi-20260309.mbo.json
  xeur-eobi-20260310.mbo.json
  xeur-eobi-20260311.mbo.json
  xeur-eobi-20260312.mbo.json
  xeur-eobi-20260313.mbo.json
  xeur-eobi-20260316.mbo.json
  xeur-eobi-20260317.mbo.json
  xeur-eobi-20260318.mbo.json
  xeur-eobi-20260319.mbo.json
  xeur-eobi-20260320.mbo.json
  xeur-eobi-20260323.mbo.json
  xeur-eobi-20260324.mbo.json
  xeur-eobi-20260325.mbo.json
  xeur-eobi-20260326.mbo.json
  xeur-eobi-20260327.mbo.json
  xeur-eobi-20260330.mbo.json
  xeur-eobi-20260331.mbo.json
  xeur-eobi-20260401.mbo.json
  xeur-eobi-20260402.mbo.json
  xeur-eobi-20260406.mbo.json
  xeur-eobi-20260407.mbo.json
  xeur-eobi-20260408.mbo.json

================ HARD TASK: flat k-way merger ================
Total valid messages processed: 19869718
Invalid/skipped lines: 0
First timestamp: 2026-03-09T00:03:00.129732099Z
Last timestamp:  2026-04-08T20:29:59.319717737Z
Wall-clock time, seconds: 281.394
Throughput, msg/sec: 70611.675

First 10 MarketDataEvent objects:
ts=2026-03-09T00:03:00.129732099Z instrument_id=442 symbol=FCEU SI 20260316 PS order_id=0 side=N price= size=0 action=R seq=0 file=xeur-eobi-20260309.mbo.json:1
ts=2026-03-09T00:03:00.129732099Z instrument_id=442 symbol=FCEU SI 20260316 PS order_id=10996386599372464268 side=B price=1.152800000 size=20 action=A seq=61463 file=xeur-eobi-20260309.mbo.json:2
ts=2026-03-09T00:03:00.129732099Z instrument_id=442 symbol=FCEU SI 20260316 PS order_id=1773014562391096283 side=A price=1.153200000 size=20 action=A seq=61463 file=xeur-eobi-20260309.mbo.json:3
ts=2026-03-09T00:03:01.430638368Z instrument_id=442 symbol=FCEU SI 20260316 PS order_id=1773014562391096283 side=A price=1.153200000 size=20 action=C seq=61595 file=xeur-eobi-20260309.mbo.json:4
ts=2026-03-09T00:03:01.473465999Z instrument_id=442 symbol=FCEU SI 20260316 PS order_id=1773014581473445312 side=A price=1.153300000 size=20 action=A seq=61600 file=xeur-eobi-20260309.mbo.json:5
ts=2026-03-09T00:03:02.654289493Z instrument_id=442 symbol=FCEU SI 20260316 PS order_id=1773014582654279204 side=A price=1.153200000 size=20 action=A seq=61639 file=xeur-eobi-20260309.mbo.json:6
ts=2026-03-09T00:03:02.654307325Z instrument_id=442 symbol=FCEU SI 20260316 PS order_id=1773014581473445312 side=A price=1.153300000 size=20 action=C seq=61640 file=xeur-eobi-20260309.mbo.json:7
ts=2026-03-09T00:03:07.731466574Z instrument_id=442 symbol=FCEU SI 20260316 PS order_id=10996386599372464268 side=B price=1.152800000 size=20 action=C seq=61941 file=xeur-eobi-20260309.mbo.json:8
ts=2026-03-09T00:03:07.774959175Z instrument_id=442 symbol=FCEU SI 20260316 PS order_id=10996386624629724865 side=B price=1.152700000 size=20 action=A seq=61947 file=xeur-eobi-20260309.mbo.json:9
ts=2026-03-09T00:03:08.231182014Z instrument_id=442 symbol=FCEU SI 20260316 PS order_id=1773014588231173191 side=A price=1.153100000 size=20 action=A seq=61992 file=xeur-eobi-20260309.mbo.json:10

Last 10 MarketDataEvent objects:
ts=2026-04-08T20:29:59.286057792Z instrument_id=436 symbol=FCEU SI 20260615 PS order_id=1775680199273373654 side=A price=1.169980000 size=30 action=C seq=3575270 file=xeur-eobi-20260408.mbo.json:1113235
ts=2026-04-08T20:29:59.286057792Z instrument_id=436 symbol=FCEU SI 20260615 PS order_id=1775680199286044606 side=A price=1.169990000 size=30 action=A seq=3575270 file=xeur-eobi-20260408.mbo.json:1113236
ts=2026-04-08T20:29:59.286131985Z instrument_id=436 symbol=FCEU SI 20260615 PS order_id=10999052236140820414 side=B price=1.169890000 size=30 action=C seq=3575271 file=xeur-eobi-20260408.mbo.json:1113237
ts=2026-04-08T20:29:59.286131985Z instrument_id=436 symbol=FCEU SI 20260615 PS order_id=10999052236140898384 side=B price=1.169880000 size=30 action=A seq=3575271 file=xeur-eobi-20260408.mbo.json:1113238
ts=2026-04-08T20:29:59.286131985Z instrument_id=436 symbol=FCEU SI 20260615 PS order_id=1775680199286044606 side=A price=1.169990000 size=30 action=C seq=3575271 file=xeur-eobi-20260408.mbo.json:1113239
ts=2026-04-08T20:29:59.286131985Z instrument_id=436 symbol=FCEU SI 20260615 PS order_id=1775680199286122576 side=A price=1.169980000 size=30 action=A seq=3575271 file=xeur-eobi-20260408.mbo.json:1113240
ts=2026-04-08T20:29:59.319717737Z instrument_id=436 symbol=FCEU SI 20260615 PS order_id=10999052236140898384 side=B price=1.169880000 size=30 action=C seq=3575272 file=xeur-eobi-20260408.mbo.json:1113241
ts=2026-04-08T20:29:59.319717737Z instrument_id=436 symbol=FCEU SI 20260615 PS order_id=10999052236174481524 side=B price=1.169870000 size=30 action=A seq=3575272 file=xeur-eobi-20260408.mbo.json:1113242
ts=2026-04-08T20:29:59.319717737Z instrument_id=436 symbol=FCEU SI 20260615 PS order_id=1775680199286122576 side=A price=1.169980000 size=30 action=C seq=3575272 file=xeur-eobi-20260408.mbo.json:1113243
ts=2026-04-08T20:29:59.319717737Z instrument_id=436 symbol=FCEU SI 20260615 PS order_id=1775680199319705716 side=A price=1.169970000 size=30 action=A seq=3575272 file=xeur-eobi-20260408.mbo.json:1113244
================================================
