Found 22 market data files:
  xeur-eobi-20260309.mbo.json
  xeur-eobi-20260310.mbo.json
  xeur-eobi-20260311.mbo.json
  xeur-eobi-20260312.mbo.json
  xeur-eobi-20260313.mbo.json
  xeur-eobi-20260316.mbo.json
  xeur-eobi-20260317.mbo.json
  xeur-eobi-20260318.mbo.json
  xeur-eobi-20260319.mbo.json
  xeur-eobi-20260320.mbo.json
  xeur-eobi-20260323.mbo.json
  xeur-eobi-20260324.mbo.json
  xeur-eobi-20260325.mbo.json
  xeur-eobi-20260326.mbo.json
  xeur-eobi-20260327.mbo.json
  xeur-eobi-20260330.mbo.json
  xeur-eobi-20260331.mbo.json
  xeur-eobi-20260401.mbo.json
  xeur-eobi-20260402.mbo.json
  xeur-eobi-20260406.mbo.json
  xeur-eobi-20260407.mbo.json
  xeur-eobi-20260408.mbo.json

================ HARD TASK: hierarchical binary-tree merger ================
Total valid messages processed: 15175617
Invalid/skipped lines: 0
First timestamp: 2026-03-09T07:52:41.368148840Z
Last timestamp:  2026-04-08T16:31:31.562196544Z
Wall-clock time, seconds: 216.330
Throughput, msg/sec: 70150.374

First 10 MarketDataEvent objects:
ts=2026-03-09T07:52:41.368148840Z instrument_id=34513 symbol=EUCO SI 20260710 PS EU P 1.1650 0 order_id=0 side=N price= size=0 action=R seq=0 file=xeur-eobi-20260309.mbo.json:1
ts=2026-03-09T07:52:41.368148840Z instrument_id=34513 symbol=EUCO SI 20260710 PS EU P 1.1650 0 order_id=10996414798222631105 side=B price=0.021200000 size=20 action=A seq=52012 file=xeur-eobi-20260309.mbo.json:2
ts=2026-03-09T07:52:41.368148840Z instrument_id=34513 symbol=EUCO SI 20260710 PS EU P 1.1650 0 order_id=1773042761367855297 side=A price=0.021630000 size=20 action=A seq=52012 file=xeur-eobi-20260309.mbo.json:3
ts=2026-03-09T07:52:41.368148840Z instrument_id=34512 symbol=EUCO SI 20260710 PS EU C 1.1650 0 order_id=0 side=N price= size=0 action=R seq=0 file=xeur-eobi-20260309.mbo.json:4
ts=2026-03-09T07:52:41.368148840Z instrument_id=34512 symbol=EUCO SI 20260710 PS EU C 1.1650 0 order_id=10996414798222631105 side=B price=0.019200000 size=20 action=A seq=52012 file=xeur-eobi-20260309.mbo.json:5
ts=2026-03-09T07:52:41.368148840Z instrument_id=34599 symbol=EUCO SI 20260814 PS EU P 1.1575 0 order_id=0 side=N price= size=0 action=R seq=0 file=xeur-eobi-20260309.mbo.json:6
ts=2026-03-09T07:52:41.368148840Z instrument_id=34599 symbol=EUCO SI 20260814 PS EU P 1.1575 0 order_id=10996414798222631105 side=B price=0.019650000 size=20 action=A seq=52012 file=xeur-eobi-20260309.mbo.json:7
ts=2026-03-09T07:52:41.368148840Z instrument_id=34599 symbol=EUCO SI 20260814 PS EU P 1.1575 0 order_id=1773042761367855297 side=A price=0.020070000 size=20 action=A seq=52012 file=xeur-eobi-20260309.mbo.json:8
ts=2026-03-09T07:52:41.368148840Z instrument_id=34606 symbol=EUCO SI 20260814 PS EU C 1.1675 0 order_id=0 side=N price= size=0 action=R seq=0 file=xeur-eobi-20260309.mbo.json:9
ts=2026-03-09T07:52:41.368148840Z instrument_id=34606 symbol=EUCO SI 20260814 PS EU C 1.1675 0 order_id=10996414798222631105 side=B price=0.021360000 size=20 action=A seq=52012 file=xeur-eobi-20260309.mbo.json:10

Last 10 MarketDataEvent objects:
ts=2026-04-08T16:31:31.562196101Z instrument_id=33166 symbol=EUCO SI 20260508 PS EU P 1.1425 0 order_id=10999037534266204665 side=B price=0.001520000 size=20 action=C seq=199054 file=xeur-eobi-20260408.mbo.json:634612
ts=2026-04-08T16:31:31.562196101Z instrument_id=33166 symbol=EUCO SI 20260508 PS EU P 1.1425 0 order_id=1775665497411428857 side=A price=0.001970000 size=20 action=C seq=199054 file=xeur-eobi-20260408.mbo.json:634613
ts=2026-04-08T16:31:31.562196101Z instrument_id=33305 symbol=EUCO SI 20260612 PS EU C 1.1925 0 order_id=10999037633926074563 side=B price=0.004890000 size=20 action=C seq=199054 file=xeur-eobi-20260408.mbo.json:634614
ts=2026-04-08T16:31:31.562196101Z instrument_id=33305 symbol=EUCO SI 20260612 PS EU C 1.1925 0 order_id=1775665597071298755 side=A price=0.005340000 size=20 action=C seq=199054 file=xeur-eobi-20260408.mbo.json:634615
ts=2026-04-08T16:31:31.562196101Z instrument_id=33321 symbol=EUCO SI 20260612 PS EU C 1.2125 0 order_id=10999037543897759166 side=B price=0.001900000 size=20 action=C seq=199054 file=xeur-eobi-20260408.mbo.json:634616
ts=2026-04-08T16:31:31.562196101Z instrument_id=33321 symbol=EUCO SI 20260612 PS EU C 1.2125 0 order_id=1775665507042983358 side=A price=0.002350000 size=20 action=C seq=199054 file=xeur-eobi-20260408.mbo.json:634617
ts=2026-04-08T16:31:31.562196544Z instrument_id=33274 symbol=EUCO SI 20260612 PS EU P 1.1525 0 order_id=10999037814277244271 side=B price=0.005640000 size=20 action=C seq=199055 file=xeur-eobi-20260408.mbo.json:634618
ts=2026-04-08T16:31:31.562196544Z instrument_id=33274 symbol=EUCO SI 20260612 PS EU P 1.1525 0 order_id=1775665777422468463 side=A price=0.006090000 size=20 action=C seq=199055 file=xeur-eobi-20260408.mbo.json:634619
ts=2026-04-08T16:31:31.562196544Z instrument_id=33258 symbol=EUCO SI 20260612 PS EU P 1.1325 0 order_id=10999037814277244271 side=B price=0.002390000 size=20 action=C seq=199055 file=xeur-eobi-20260408.mbo.json:634620
ts=2026-04-08T16:31:31.562196544Z instrument_id=33258 symbol=EUCO SI 20260612 PS EU P 1.1325 0 order_id=1775665777422468463 side=A price=0.002840000 size=20 action=C seq=199055 file=xeur-eobi-20260408.mbo.json:634621
================================================
