
================ STANDARD TASK: single-file ingestion ================
Total valid messages processed: 749817
Invalid/skipped lines: 0
First timestamp: 2026-03-10T08:02:04.384125749Z
Last timestamp:  2026-03-10T18:00:02.640849166Z
Wall-clock time, seconds: 5.600
Throughput, msg/sec: 133887.294

First 10 MarketDataEvent objects:
ts=2026-03-10T08:02:04.384125749Z instrument_id=34554 symbol=EUCO SI 20260710 PS EU C 1.1725 0 order_id=0 side=N price= size=0 action=R seq=0 file=xeur-eobi-20260310.mbo.json:1
ts=2026-03-10T08:02:04.384125749Z instrument_id=34554 symbol=EUCO SI 20260710 PS EU C 1.1725 0 order_id=10996501761238634241 side=B price=0.018080000 size=20 action=A seq=44935 file=xeur-eobi-20260310.mbo.json:2
ts=2026-03-10T08:02:04.384125749Z instrument_id=34650 symbol=EUCO SI 20260814 PS EU C 1.1775 0 order_id=0 side=N price= size=0 action=R seq=0 file=xeur-eobi-20260310.mbo.json:3
ts=2026-03-10T08:02:04.384125749Z instrument_id=34650 symbol=EUCO SI 20260814 PS EU C 1.1775 0 order_id=10996501761238634241 side=B price=0.019000000 size=20 action=A seq=44935 file=xeur-eobi-20260310.mbo.json:4
ts=2026-03-10T08:02:04.384125749Z instrument_id=34650 symbol=EUCO SI 20260814 PS EU C 1.1775 0 order_id=1773129724383858433 side=A price=0.019430000 size=20 action=A seq=44935 file=xeur-eobi-20260310.mbo.json:5
ts=2026-03-10T08:02:04.384125749Z instrument_id=34654 symbol=EUCO SI 20260814 PS EU C 1.1825 0 order_id=0 side=N price= size=0 action=R seq=0 file=xeur-eobi-20260310.mbo.json:6
ts=2026-03-10T08:02:04.384125749Z instrument_id=34654 symbol=EUCO SI 20260814 PS EU C 1.1825 0 order_id=10996501761238634241 side=B price=0.016790000 size=20 action=A seq=44935 file=xeur-eobi-20260310.mbo.json:7
ts=2026-03-10T08:02:04.384125749Z instrument_id=34654 symbol=EUCO SI 20260814 PS EU C 1.1825 0 order_id=1773129724383858433 side=A price=0.017220000 size=20 action=A seq=44935 file=xeur-eobi-20260310.mbo.json:8
ts=2026-03-10T08:02:04.384125749Z instrument_id=34657 symbol=EUCO SI 20260814 PS EU P 1.1850 0 order_id=0 side=N price= size=0 action=R seq=0 file=xeur-eobi-20260310.mbo.json:9
ts=2026-03-10T08:02:04.384125749Z instrument_id=34657 symbol=EUCO SI 20260814 PS EU P 1.1850 0 order_id=10996501761238634241 side=B price=0.026270000 size=20 action=A seq=44935 file=xeur-eobi-20260310.mbo.json:10

Last 10 MarketDataEvent objects:
ts=2026-03-10T18:00:02.640849166Z instrument_id=34648 symbol=EUCO SI 20260814 PS EU C 1.1750 0 order_id=10996537521053412198 side=B price=0.019190000 size=20 action=C seq=209217 file=xeur-eobi-20260310.mbo.json:749808
ts=2026-03-10T18:00:02.640849166Z instrument_id=34648 symbol=EUCO SI 20260814 PS EU C 1.1750 0 order_id=1773165484198636390 side=A price=0.019610000 size=20 action=C seq=209217 file=xeur-eobi-20260310.mbo.json:749809
ts=2026-03-10T18:00:02.640849166Z instrument_id=34649 symbol=EUCO SI 20260814 PS EU P 1.1750 0 order_id=10996537519469470167 side=B price=0.021070000 size=20 action=C seq=209217 file=xeur-eobi-20260310.mbo.json:749810
ts=2026-03-10T18:00:02.640849166Z instrument_id=34649 symbol=EUCO SI 20260814 PS EU P 1.1750 0 order_id=1773165482614694359 side=A price=0.021500000 size=20 action=C seq=209217 file=xeur-eobi-20260310.mbo.json:749811
ts=2026-03-10T18:00:02.640849166Z instrument_id=34646 symbol=EUCO SI 20260814 PS EU C 1.1725 0 order_id=10996537519469470167 side=B price=0.020400000 size=20 action=C seq=209217 file=xeur-eobi-20260310.mbo.json:749812
ts=2026-03-10T18:00:02.640849166Z instrument_id=34646 symbol=EUCO SI 20260814 PS EU C 1.1725 0 order_id=1773165482614694359 side=A price=0.020830000 size=20 action=C seq=209217 file=xeur-eobi-20260310.mbo.json:749813
ts=2026-03-10T18:00:02.640849166Z instrument_id=34651 symbol=EUCO SI 20260814 PS EU P 1.1775 0 order_id=10996537519469470167 side=B price=0.022370000 size=20 action=C seq=209217 file=xeur-eobi-20260310.mbo.json:749814
ts=2026-03-10T18:00:02.640849166Z instrument_id=34651 symbol=EUCO SI 20260814 PS EU P 1.1775 0 order_id=1773165482614694359 side=A price=0.022800000 size=20 action=C seq=209217 file=xeur-eobi-20260310.mbo.json:749815
ts=2026-03-10T18:00:02.640849166Z instrument_id=34654 symbol=EUCO SI 20260814 PS EU C 1.1825 0 order_id=10996537519468769071 side=B price=0.015860000 size=20 action=C seq=209217 file=xeur-eobi-20260310.mbo.json:749816
ts=2026-03-10T18:00:02.640849166Z instrument_id=34654 symbol=EUCO SI 20260814 PS EU C 1.1825 0 order_id=1773165482613993263 side=A price=0.016280000 size=20 action=C seq=209217 file=xeur-eobi-20260310.mbo.json:749817
================================================
